

{"dirpath":"/INSPECTA-models/micro-examples/.../aadl/",
 "suffix": ".aadl",
 "filepath-golden":"/am-cakeml/.../goldenFiles/aadl_composite.txt"}



 