{"filepath":"/INSPECTA-models/micro-examples/microkit/aadl_port_types/data/base_type/aadl/data_1_prod_2_cons.aadl",
 "filepath-golden":"/am-cakeml/tests/DemoFiles/goldenFiles/data_1_prod_2_cons.aadl"}
