{"dirpath":"/INSPECTA-models/micro-examples/microkit/aadl_port_types/data/base_type/hamr/microkit/",
 "suffix": ".system",
 "filepath-golden":"/am-cakeml/tests/DemoFiles/goldenFiles/microkit_composite.txt"}
