

{"dirpath":"/INSPECTA-models/micro-examples/.../hamr/microkit/",
 "suffix": ".system",
 "filepath-golden":"/am-cakeml/.../goldenFiles/microkit_composite.txt"}


 